// Jest Snapshot v1, https://goo.gl/fbAQLP

exports[`TEST APP get element test 1`] = `
<input
  placeholder="input value"
  type="text"
/>
`;

exports[`TEST APP renders learn react link 1`] = `
<input
  placeholder="input value"
  type="text"
/>
`;

exports[`TEST APP renders react ui 1`] = `
<input
  placeholder="input value"
  type="text"
/>
`;

exports[`renders learn react link 1`] = `
<input
  placeholder="input value"
  type="text"
/>
`;
